// Jest Snapshot v1, https://goo.gl/fbAQLP

exports[`HorizontalDividerList component renders children with horizontal divider lines between them 1`] = `
<View>
  <Text
    accessible={true}
    allowFontScaling={true}
    ellipsizeMode="tail"
  >
    Child 1
  </Text>
  <View
    style={
      Array [
        Object {
          "backgroundColor": "rgba(0, 0, 0, 0.12)",
          "height": 1,
          "marginHorizontal": 0,
        },
        undefined,
      ]
    }
  />
  <Text
    accessible={true}
    allowFontScaling={true}
    ellipsizeMode="tail"
  >
    Child 2
  </Text>
  <View
    style={
      Array [
        Object {
          "backgroundColor": "rgba(0, 0, 0, 0.12)",
          "height": 1,
          "marginHorizontal": 0,
        },
        undefined,
      ]
    }
  />
  <Text
    accessible={true}
    allowFontScaling={true}
    ellipsizeMode="tail"
  >
    Child 3
  </Text>
  <View
    style={
      Array [
        Object {
          "backgroundColor": "rgba(0, 0, 0, 0.12)",
          "height": 1,
          "marginHorizontal": 0,
        },
        undefined,
      ]
    }
  />
</View>
`;
